app/protected/super-admin/permissions/components/PermissionsGrid.tsx(8,3): error TS2305: Module '"lucide-react"' has no exported member 'Security'.
app/protected/super-admin/settings/page.tsx(7,9): error TS2554: Expected 1 arguments, but got 0.
app/protected/super-admin/tests/rls-test.ts(34,80): error TS18048: 'auditLogs.length' is possibly 'undefined'.
